2026-09-10T03:46:23Z INF Thank you for trying Cloudflare Tunnel. Doing so, without a Cloudflare account, is a quick way to experiment and try it out. However, be aware that these account-less Tunnels have no uptime guarantee, are subject to the Cloudflare Online Services Terms of Use (https://www.cloudflare.com/website-terms/), and Cloudflare reserves the right to investigate your use of Tunnels for violations of such terms. If you intend to use Tunnels in production you should use a pre-created named tunnel by following: https://developers.cloudflare.com/cloudflare-one/connections/connect-apps
2026-09-10T03:46:23Z INF Requesting new quick Tunnel on trycloudflare.com...
2026-09-10T03:46:26Z INF +--------------------------------------------------------------------------------------------+
2026-09-10T03:46:26Z INF |  Your quick Tunnel has been created! Visit it at (it may take some time to be reachable):  |
2026-09-10T03:46:26Z INF |  https://existing-taste-walks-mysterious.trycloudflare.com                                 |
2026-09-10T03:46:26Z INF +--------------------------------------------------------------------------------------------+
2026-09-10T03:46:26Z INF Cannot determine default configuration path. No file [config.yml config.yaml] in [~/.cloudflared ~/.cloudflare-warp ~/cloudflare-warp]
2026-09-10T03:46:26Z INF Version 2026.9.0 (Checksum 547057326266f0e1c7d50d102dbd22ff283d740c055bd61e94f10e2c606f89af)
2026-09-10T03:46:26Z INF GOOS: windows, GOVersion: go1.26.8, GoArch: amd64
2026-09-10T03:46:26Z INF Settings: map[ha-connections:1 protocol:quic url:http://localhost:8000]
2026-09-10T03:46:26Z INF cloudflared will not automatically update on Windows systems.
2026-09-10T03:46:26Z INF Generated Connector ID: 86554980-8563-409f-bab5-8292533635a1
2026-09-10T03:46:26Z INF Initial protocol quic
2026-09-10T03:46:26Z INF ICMP proxy will use 192.168.1.4 as source for IPv4
2026-09-10T03:46:26Z INF ICMP proxy will use 2800:e2:2380:2194:1b57:5810:107d:ba97 in zone Ethernet 2 as source for IPv6
2026-09-10T03:46:26Z INF cloudflared does not support loading the system root certificate pool on Windows. Please use --origin-ca-pool <PATH> to specify the path to the certificate pool
2026-09-10T03:46:26Z INF ICMP proxy will use 192.168.1.4 as source for IPv4
2026-09-10T03:46:26Z INF Tunnel connection curve preferences: [X25519MLKEM768 CurveID(65074) CurveP256] connIndex=0 event=0 ip=2606:4700:a0::3
2026-09-10T03:46:26Z INF ICMP proxy will use 2800:e2:2380:2194:1b57:5810:107d:ba97 in zone Ethernet 2 as source for IPv6
2026-09-10T03:46:26Z INF Starting metrics server on 127.0.0.1:20242/metrics
2026-09-10T03:46:27Z INF +-------------------------------------------------------------------------------------+
2026-09-10T03:46:27Z INF |                               CONNECTIVITY PRE-CHECKS                               |
2026-09-10T03:46:27Z INF +-------------------------------------------------------------------------------------+
2026-09-10T03:46:27Z INF |  COMPONENT         TARGET                     STATUS  DETAILS                       |
2026-09-10T03:46:27Z INF |  DNS Resolution    region1.v2.argotunnel.com  PASS    DNS Resolved successfully     |
2026-09-10T03:46:27Z INF |  DNS Resolution    region2.v2.argotunnel.com  PASS    DNS Resolved successfully     |
2026-09-10T03:46:27Z INF |  UDP Connectivity  region1.v2.argotunnel.com  PASS    QUIC connection successful    |
2026-09-10T03:46:27Z INF |  UDP Connectivity  region2.v2.argotunnel.com  PASS    QUIC connection successful    |
2026-09-10T03:46:27Z INF |  TCP Connectivity  region1.v2.argotunnel.com  PASS    HTTP/2 connection successful  |
2026-09-10T03:46:27Z INF |  TCP Connectivity  region2.v2.argotunnel.com  PASS    HTTP/2 connection successful  |
2026-09-10T03:46:27Z INF |  Cloudflare API    api.cloudflare.com:443     PASS    API is reachable              |
2026-09-10T03:46:27Z INF |                                                                                     |
2026-09-10T03:46:27Z INF |  SUMMARY: Environment is healthy. cloudflared will use 'quic' as primary protocol.  |
2026-09-10T03:46:27Z INF +-------------------------------------------------------------------------------------+
2026-09-10T03:46:27Z INF precheck component="DNS Resolution" details="DNS Resolved successfully" run_id=254b5d3a-677d-4161-8cdd-930abd70a1ab status=pass target=region1.v2.argotunnel.com
2026-09-10T03:46:27Z INF precheck component="DNS Resolution" details="DNS Resolved successfully" run_id=254b5d3a-677d-4161-8cdd-930abd70a1ab status=pass target=region2.v2.argotunnel.com
2026-09-10T03:46:27Z INF precheck component="UDP Connectivity" details="QUIC connection successful" run_id=254b5d3a-677d-4161-8cdd-930abd70a1ab status=pass target=region1.v2.argotunnel.com
2026-09-10T03:46:27Z INF precheck component="UDP Connectivity" details="QUIC connection successful" run_id=254b5d3a-677d-4161-8cdd-930abd70a1ab status=pass target=region2.v2.argotunnel.com
2026-09-10T03:46:27Z INF precheck component="TCP Connectivity" details="HTTP/2 connection successful" run_id=254b5d3a-677d-4161-8cdd-930abd70a1ab status=pass target=region1.v2.argotunnel.com
2026-09-10T03:46:27Z INF precheck component="TCP Connectivity" details="HTTP/2 connection successful" run_id=254b5d3a-677d-4161-8cdd-930abd70a1ab status=pass target=region2.v2.argotunnel.com
2026-09-10T03:46:27Z INF precheck component="Cloudflare API" details="API is reachable" run_id=254b5d3a-677d-4161-8cdd-930abd70a1ab status=pass target=api.cloudflare.com:443
2026-09-10T03:46:27Z INF precheck complete hard_fail=false run_id=254b5d3a-677d-4161-8cdd-930abd70a1ab suggested_protocol=quic
2026-09-10T03:46:27Z INF Registered tunnel connection connIndex=0 connection=e5a980ab-d390-44e3-b222-16f207791877 event=0 ip=2606:4700:a0::3 location=bog01 protocol=quic
