2026-09-10T03:46:23Z INF Thank you for trying Cloudflare Tunnel. Doing so, without a Cloudflare account, is a quick way to experiment and try it out. However, be aware that these account-less Tunnels have no uptime guarantee, are subject to the Cloudflare Online Services Terms of Use (https://www.cloudflare.com/website-terms/), and Cloudflare reserves the right to investigate your use of Tunnels for violations of such terms. If you intend to use Tunnels in production you should use a pre-created named tunnel by following: https://developers.cloudflare.com/cloudflare-one/connections/connect-apps
2026-09-10T03:46:23Z INF Requesting new quick Tunnel on trycloudflare.com...
2026-09-10T03:46:26Z INF +--------------------------------------------------------------------------------------------+
2026-09-10T03:46:26Z INF |  Your quick Tunnel has been created! Visit it at (it may take some time to be reachable):  |
2026-09-10T03:46:26Z INF |  https://attention-multiple-preferred-evans.trycloudflare.com                              |
2026-09-10T03:46:26Z INF +--------------------------------------------------------------------------------------------+
2026-09-10T03:46:26Z INF Cannot determine default configuration path. No file [config.yml config.yaml] in [~/.cloudflared ~/.cloudflare-warp ~/cloudflare-warp]
2026-09-10T03:46:26Z INF Version 2026.9.0 (Checksum 547057326266f0e1c7d50d102dbd22ff283d740c055bd61e94f10e2c606f89af)
2026-09-10T03:46:26Z INF GOOS: windows, GOVersion: go1.26.8, GoArch: amd64
2026-09-10T03:46:26Z INF Settings: map[ha-connections:1 protocol:quic url:http://localhost:5173]
2026-09-10T03:46:26Z INF cloudflared will not automatically update on Windows systems.
2026-09-10T03:46:26Z INF Generated Connector ID: 2217c2ad-e405-4c97-84d1-050105ca6b8c
2026-09-10T03:46:26Z INF Initial protocol quic
2026-09-10T03:46:26Z INF ICMP proxy will use 192.168.1.4 as source for IPv4
2026-09-10T03:46:26Z INF ICMP proxy will use 2800:e2:2380:2194:1b57:5810:107d:ba97 in zone Ethernet 2 as source for IPv6
2026-09-10T03:46:26Z INF cloudflared does not support loading the system root certificate pool on Windows. Please use --origin-ca-pool <PATH> to specify the path to the certificate pool
2026-09-10T03:46:26Z INF ICMP proxy will use 192.168.1.4 as source for IPv4
2026-09-10T03:46:26Z INF Tunnel connection curve preferences: [X25519MLKEM768 CurveID(65074) CurveP256] connIndex=0 event=0 ip=2606:4700:a0::4
2026-09-10T03:46:26Z INF ICMP proxy will use 2800:e2:2380:2194:1b57:5810:107d:ba97 in zone Ethernet 2 as source for IPv6
2026-09-10T03:46:26Z INF Starting metrics server on 127.0.0.1:20241/metrics
2026-09-10T03:46:26Z INF Registered tunnel connection connIndex=0 connection=0d7aad47-c8e6-4e49-bde6-948f3128d0ba event=0 ip=2606:4700:a0::4 location=bog01 protocol=quic
2026-09-10T03:46:26Z INF +-------------------------------------------------------------------------------------+
2026-09-10T03:46:26Z INF |                               CONNECTIVITY PRE-CHECKS                               |
2026-09-10T03:46:26Z INF +-------------------------------------------------------------------------------------+
2026-09-10T03:46:26Z INF |  COMPONENT         TARGET                     STATUS  DETAILS                       |
2026-09-10T03:46:26Z INF |  DNS Resolution    region1.v2.argotunnel.com  PASS    DNS Resolved successfully     |
2026-09-10T03:46:26Z INF |  DNS Resolution    region2.v2.argotunnel.com  PASS    DNS Resolved successfully     |
2026-09-10T03:46:26Z INF |  UDP Connectivity  region1.v2.argotunnel.com  PASS    QUIC connection successful    |
2026-09-10T03:46:26Z INF |  UDP Connectivity  region2.v2.argotunnel.com  PASS    QUIC connection successful    |
2026-09-10T03:46:26Z INF |  TCP Connectivity  region1.v2.argotunnel.com  PASS    HTTP/2 connection successful  |
2026-09-10T03:46:26Z INF |  TCP Connectivity  region2.v2.argotunnel.com  PASS    HTTP/2 connection successful  |
2026-09-10T03:46:26Z INF |  Cloudflare API    api.cloudflare.com:443     PASS    API is reachable              |
2026-09-10T03:46:26Z INF |                                                                                     |
2026-09-10T03:46:26Z INF |  SUMMARY: Environment is healthy. cloudflared will use 'quic' as primary protocol.  |
2026-09-10T03:46:26Z INF +-------------------------------------------------------------------------------------+
2026-09-10T03:46:26Z INF precheck component="DNS Resolution" details="DNS Resolved successfully" run_id=5e5a51dc-93f6-4a06-b97f-e024d02be520 status=pass target=region1.v2.argotunnel.com
2026-09-10T03:46:26Z INF precheck component="DNS Resolution" details="DNS Resolved successfully" run_id=5e5a51dc-93f6-4a06-b97f-e024d02be520 status=pass target=region2.v2.argotunnel.com
2026-09-10T03:46:26Z INF precheck component="UDP Connectivity" details="QUIC connection successful" run_id=5e5a51dc-93f6-4a06-b97f-e024d02be520 status=pass target=region1.v2.argotunnel.com
2026-09-10T03:46:26Z INF precheck component="UDP Connectivity" details="QUIC connection successful" run_id=5e5a51dc-93f6-4a06-b97f-e024d02be520 status=pass target=region2.v2.argotunnel.com
2026-09-10T03:46:26Z INF precheck component="TCP Connectivity" details="HTTP/2 connection successful" run_id=5e5a51dc-93f6-4a06-b97f-e024d02be520 status=pass target=region1.v2.argotunnel.com
2026-09-10T03:46:26Z INF precheck component="TCP Connectivity" details="HTTP/2 connection successful" run_id=5e5a51dc-93f6-4a06-b97f-e024d02be520 status=pass target=region2.v2.argotunnel.com
2026-09-10T03:46:26Z INF precheck component="Cloudflare API" details="API is reachable" run_id=5e5a51dc-93f6-4a06-b97f-e024d02be520 status=pass target=api.cloudflare.com:443
2026-09-10T03:46:26Z INF precheck complete hard_fail=false run_id=5e5a51dc-93f6-4a06-b97f-e024d02be520 suggested_protocol=quic
